[restart] safe_to_proceed=True
[restart] kill_switch_engaged_by_this_restart=False
[startup] symbol=XAUUSD timeframe=M5 dry_run=True
[startup] entering candle loop...
[risk-config] fixed_lot_size=0.09
[risk-config] fixed_lot_size=0.09
[risk-config] fixed_lot_size=0.09
[risk-config] fixed_lot_size=0.09
[risk-config] fixed_lot_size=0.09
[risk-config] fixed_lot_size=0.09
[risk-config] fixed_lot_size=0.09
[risk-config] fixed_lot_size=0.09
[risk-config] fixed_lot_size=0.09
[risk-config] fixed_lot_size=0.09
[risk-config] fixed_lot_size=0.09
[risk-config] fixed_lot_size=0.03
[risk-config] fixed_lot_size=0.03
Traceback (most recent call last):
  File "<frozen runpy>", line 198, in _run_module_as_main
  File "<frozen runpy>", line 88, in _run_code
  File "C:\Users\Administrator\Desktop\spreadsheet_bot\phase_04_live\runtime\loop.py", line 498, in <module>
    action="store_true",
^^^^^^^^^^^^^^^^^^^^^^^^
  File "C:\Users\Administrator\Desktop\spreadsheet_bot\phase_04_live\runtime\loop.py", line 275, in run_live_loop
    
  File "C:\Users\Administrator\Desktop\spreadsheet_bot\phase_04_live\market\live_source.py", line 168, in stream
    time.sleep(self.poll_interval_seconds)
KeyboardInterrupt
